============================= test session starts =============================
platform win32 -- Python 3.13.7, pytest-9.0.2, pluggy-1.6.0 -- C:\Program Files\Python313\python.exe
cachedir: .pytest_cache
rootdir: C:\LOGBOOK
plugins: anyio-4.9.0, langsmith-0.4.32, typeguard-2.13.3
collecting ... collected 0 items / 2 errors

=================================== ERRORS ====================================
______________________ ERROR collecting test_output.txt _______________________
C:\Program Files\Python313\Lib\pathlib\_local.py:546: in read_text
    return PathBase.read_text(self, encoding, errors, newline)
           ^^^^^^^^^^^^^^^^^^^^^^^^^^^^^^^^^^^^^^^^^^^^^^^^^^^
C:\Program Files\Python313\Lib\pathlib\_abc.py:633: in read_text
    return f.read()
           ^^^^^^^^
<frozen codecs>:325: in decode
    ???
E   UnicodeDecodeError: 'utf-8' codec can't decode byte 0xff in position 0: invalid start byte
_____________________ ERROR collecting tests/test_main.py _____________________
ImportError while importing test module 'C:\LOGBOOK\tests\test_main.py'.
Hint: make sure your test modules/packages have valid Python names.
Traceback:
C:\Program Files\Python313\Lib\importlib\__init__.py:88: in import_module
    return _bootstrap._gcd_import(name[level:], package, level)
           ^^^^^^^^^^^^^^^^^^^^^^^^^^^^^^^^^^^^^^^^^^^^^^^^^^^^
tests\test_main.py:4: in <module>
    from app.main import app
E   ModuleNotFoundError: No module named 'app'
=========================== short test summary info ===========================
ERROR test_output.txt - UnicodeDecodeError: 'utf-8' codec can't decode byte 0...
ERROR tests/test_main.py
!!!!!!!!!!!!!!!!!!! Interrupted: 2 errors during collection !!!!!!!!!!!!!!!!!!!
============================== 2 errors in 0.74s ==============================
